mitglieder.MIT-NR=Member.ID,type:number
mitglieder.MIT-BEITRAGSGRUPPE=Member.ContributionGroupID,checkexists:Contributiongroup.ID|type:number
mitglieder.MIT-BEZIRKSVERBAND=Member.BezirksverbandID,checkexists:Bezirksverband.ID|type:number
mitglieder.MIT-MATCHCODE=Member.BVKMatch,type:varchar
mitglieder.MIT-NAME1=Member.BVKName1,type:varchar
mitglieder.MIT-NAME2=Member.BVKName2,type:varchar
mitglieder.MIT-NAME3=Member.BVKName3,type:varchar
mitglieder.MIT-GEBURTSDATUM=Member.Birthday,type:date
mitglieder.MIT-ANREDE=Member.FormOfAddressID,type:varchar
mitglieder.MIT-1FIRMENINHABER-GF=Member.Owner1,type:varchar
mitglieder.MIT-2FIRMENINHABER-GF=Member.Owner2,type:varchar
mitglieder.MIT-3FIRMENINHABER-GF=Member.Owner3,type:varchar
mitglieder.MIT-STRASSE=Member.Street,type:varchar
mitglieder.MIT-LAND-NR=Member.Country,type:varchar
mitglieder.MIT-PLZ=Member.ZipCode,type:varchar
mitglieder.MIT-ORT=Member.City,type:varchar
mitglieder.MIT-TELEFON1=Member.Phone,type:varchar
mitglieder.MIT-TELEFON2=Member.Phone2,type:varchar
mitglieder.MIT-MOBIL=Member.Mobile,type:varchar
mitglieder.MIT-TELEFAX1=Member.Fax,type:varchar
mitglieder.MIT-TELEFAX2=Member.Fax2,type:varchar
mitglieder.MIT-E-MAIL1=Member.Email,type:varchar
mitglieder.MIT-E-MAIL2=,ignore
mitglieder.MIT-NEWSLETTER-E-MAIL1=,ignore
mitglieder.MIT-NEWSLETTER-E-MAIL2=,ignore
mitglieder.MIT-INTERNET=Member.URL,type:varchar
mitglieder.MIT-BEGINN=Member.MembershipStartDate,type:date
mitglieder.MIT-ENDE=Member.MembershipEndDate,type:date
mitglieder.MIT-KUENDIGUNG-AM=Member.TerminationDate,type:date
mitglieder.MIT-KUENDIGUNGSGRUND=Member.TerminationreasonID,checkexists:TerminationReason.ID|type:number
mitglieder.MIT-BESTAETIGUNG-KUEND-AM=Member.TerminationConfirmationDate,type:date
mitglieder.MIT-RECHTSFORM=Member.FormOfOrganisationID,checkexists:FormOfOrganisation.ID|type:number
mitglieder.MIT-BEGINN-SELBSTAENDIGKEIT=Member.SelfEmployedFrom,type:date
mitglieder.MIT-HANDELSREGISTER=Member.Traderegister,type:varchar|values:J#N
mitglieder.MIT-VERMITTLERART=Member.TypeOfBrokerID,type:number
mitglieder.MIT-SPARTE=Member.Branche,type:varchar|values:B#V
mitglieder.MIT-PENSIONAER=Member.Pensioner,type:varchar|values:J#N
mitglieder.MIT-PENSIONAER-SEIT=Member.PensionerSince,type:date
mitglieder.MIT-AUSBILDUNG1=,ignore
mitglieder.MIT-AUSBILDUNG2=,ignore
mitglieder.MIT-AUSBILDUNG3=,ignore
mitglieder.MIT-UNTERNEHMEN1=,ignore
mitglieder.MIT-UNTERNEHMEN2=,ignore
mitglieder.MIT-UNTERNEHMEN3=,ignore
mitglieder.MIT-UNTERNEHMEN4=,ignore
mitglieder.MIT-UNTERNEHMEN5=,ignore
mitglieder.MIT-UNTERNEHMEN6=,ignore
mitglieder.MIT-UNTERNEHMEN7=,ignore
mitglieder.MIT-UNTERNEHMEN8=,ignore
mitglieder.MIT-UNTERNEHMEN9=,ignore
mitglieder.MIT-UNTERNEHMEN10=,ignore
mitglieder.MIT-LASTSCHRIFT=Member.Debit,type:varchar|values:J#N
mitglieder.MIT-KONTO=Member.AccountNo,type:varchar
mitglieder.MIT-BANK=Member.Bank,type:varchar
mitglieder.MIT-BLZ=Member.BankCode,type:varchar